
> sites-project@0.1.0 build
> vinext build


  vinext build  (Vite 8.0.13)

[1/5] analyze client references...
[2Ktransforming...✓ 262 modules transformed.
✗ Build failed in 2.08s
Build failed with 2 errors:

[31m[builtin:vite-transform] [0mExpected corresponding JSX closing tag for 'form'.
     [38;5;246m╭[0m[38;5;246m─[0m[38;5;246m[[0m frontend/app/components/AdminPortal.tsx:369:9 [38;5;246m][0m
     [38;5;246m│[0m
 [38;5;246m361 │[0m [38;5;249m [0m[38;5;249m [0m[38;5;249m [0m[38;5;249m [0m[38;5;249m{[0m[38;5;249mm[0m[38;5;249mo[0m[38;5;249md[0m[38;5;249me[0m[38;5;249m=[0m[38;5;249m=[0m[38;5;249m=[0m[38;5;249m'[0m[38;5;249mc[0m[38;5;249mr[0m[38;5;249me[0m[38;5;249ma[0m[38;5;249mt[0m[38;5;249me[0m[38;5;249m'[0m[38;5;249m?[0m[38;5;249m<[0mform[38;5;249m [0m[38;5;249mc[0m[38;5;249ml[0m[38;5;249ma[0m[38;5;249ms[0m[38;5;249ms[0m[38;5;249mN[0m[38;5;249ma[0m[38;5;249mm[0m[38;5;249me[0m[38;5;249m=[0m[38;5;249m"[0m[38;5;249mc[0m[38;5;249ma[0m[38;5;249mm[0m[38;5;249mp[0m[38;5;249ma[0m[38;5;249mi[0m[38;5;249mg[0m[38;5;249mn[0m[38;5;249m-[0m[38;5;249mb[0m[38;5;249mu[0m[38;5;249mi[0m[38;5;249ml[0m[38;5;249md[0m[38;5;249me[0m[38;5;249mr[0m[38;5;249m"[0m[38;5;249m [0m[38;5;249mo[0m[38;5;249mn[0m[38;5;249mS[0m[38;5;249mu[0m[38;5;249mb[0m[38;5;249mm[0m[38;5;249mi[0m[38;5;249mt[0m[38;5;249m=[0m[38;5;249m{[0m[38;5;249mc[0m[38;5;249mr[0m[38;5;249me[0m[38;5;249ma[0m[38;5;249mt[0m[38;5;249me[0m[38;5;249m}[0m[38;5;249m>[0m
 [38;5;240m    │[0m                       ──┬─  
 [38;5;240m    │[0m                         ╰─── Opened here
 [38;5;240m    │[0m 
 [38;5;246m369 │[0m [38;5;249m [0m[38;5;249m [0m[38;5;249m [0m[38;5;249m [0m[38;5;249m [0m[38;5;249m [0m[38;5;249m<[0m[38;5;249m/[0mdiv[38;5;249m>[0m
 [38;5;240m    │[0m         ─┬─  
 [38;5;240m    │[0m          ╰─── Expected `</form>`
[38;5;246m─────╯[0m

[31m[builtin:vite-transform] [0mUnexpected token
     [38;5;246m╭[0m[38;5;246m─[0m[38;5;246m[[0m frontend/app/components/AdminPortal.tsx:370:6 [38;5;246m][0m
     [38;5;246m│[0m
 [38;5;246m370 │[0m [38;5;249m [0m[38;5;249m [0m[38;5;249m [0m[38;5;249m [0m[38;5;249m<[0m/form>:<section className="campaign-manage"><header style={{ marginBottom: '20px' }}><div><p className="admin-overline">Live campaign register</p[38;5;249m>[0m[38;5;249m<[0m[38;5;249mh[0m[38;5;249m3[0m[38;5;249m>[0m[38;5;249mC[0m[38;5;249ma[0m[38;5;249mm[0m[38;5;249mp[0m[38;5;249ma[0m[38;5;249mi[0m[38;5;249mg[0m[38;5;249mn[0m[38;5;249m [0m[38;5;249mi[0m[38;5;249mn[0m[38;5;249mv[0m[38;5;249me[0m[38;5;249mn[0m[38;5;249mt[0m[38;5;249mo[0m[38;5;249mr[0m[38;5;249my[0m[38;5;249m [0m[38;5;249ma[0m[38;5;249mn[0m[38;5;249md[0m[38;5;249m [0m[38;5;249mp[0m[38;5;249me[0m[38;5;249mr[0m[38;5;249mf[0m[38;5;249mo[0m[38;5;249mr[0m[38;5;249mm[0m[38;5;249ma[0m[38;5;249mn[0m[38;5;249mc[0m[38;5;249me[0m[38;5;249m<[0m[38;5;249m/[0m[38;5;249mh[0m[38;5;249m3[0m[38;5;249m>[0m[38;5;249m<[0m[38;5;249m/[0m[38;5;249md[0m[38;5;249mi[0m[38;5;249mv[0m[38;5;249m>[0m[38;5;249m<[0m[38;5;249ms[0m[38;5;249mm[0m[38;5;249ma[0m[38;5;249ml[0m[38;5;249ml[0m[38;5;249m>[0m[38;5;249mA[0m[38;5;249mc[0m[38;5;249mt[0m[38;5;249mi[0m[38;5;249mv[0m[38;5;249ma[0m[38;5;249mt[0m[38;5;249me[0m[38;5;249m,[0m[38;5;249m [0m[38;5;249mp[0m[38;5;249ma[0m[38;5;249mu[0m[38;5;249ms[0m[38;5;249me[0m[38;5;249m [0m[38;5;249ma[0m[38;5;249mn[0m[38;5;249md[0m[38;5;249m [0m[38;5;249mr[0m[38;5;249me[0m[38;5;249mp[0m[38;5;249ml[0m[38;5;249me[0m[38;5;249mn[0m[38;5;249mi[0m[38;5;249ms[0m[38;5;249mh[0m[38;5;249m [0m[38;5;249mc[0m[38;5;249mo[0m[38;5;249md[0m[38;5;249me[0m[38;5;249ms[0m[38;5;249m [0m[38;5;249mw[0m[38;5;249mi[0m[38;5;249mt[0m[38;5;249mh[0m[38;5;249mo[0m[38;5;249mu[0m[38;5;249mt[0m[38;5;249m [0m[38;5;249mc[0m[38;5;249mh[0m[38;5;249ma[0m[38;5;249mn[0m[38;5;249mg[0m[38;5;249mi[0m[38;5;249mn[0m[38;5;249mg[0m[38;5;249m [0m[38;5;249mh[0m[38;5;249mi[0m[38;5;249ms[0m[38;5;249mt[0m[38;5;249mo[0m[38;5;249mr[0m[38;5;249mi[0m[38;5;249mc[0m[38;5;249ma[0m[38;5;249ml[0m[38;5;249m [0m[38;5;249mr[0m[38;5;249me[0m[38;5;249md[0m[38;5;249me[0m[38;5;249mm[0m[38;5;249mp[0m[38;5;249mt[0m[38;5;249mi[0m[38;5;249mo[0m[38;5;249mn[0m[38;5;249m [0m[38;5;249md[0m[38;5;249ma[0m[38;5;249mt[0m[38;5;249ma[0m[38;5;249m.[0m[38;5;249m<[0m[38;5;249m/[0m[38;5;249ms[0m[38;5;249mm[0m[38;5;249ma[0m[38;5;249ml[0m[38;5;249ml[0m[38;5;249m>[0m[38;5;249m<[0m[38;5;249m/[0m[38;5;249mh[0m[38;5;249me[0m[38;5;249ma[0m[38;5;249md[0m[38;5;249me[0m[38;5;249mr[0m[38;5;249m>[0m
 [38;5;240m    │[0m      ────────────────────────────────────────────────────────────────────────┬────────────────────────────────────────────────────────────────────────  
 [38;5;240m    │[0m                                                                              ╰────────────────────────────────────────────────────────────────────────── 
[38;5;246m─────╯[0m

    at aggregateBindingErrorsIntoJsError (file:///home/ubuntu/apps/ai_crop/node_modules/rolldown/dist/shared/error-CkdMJ9ps.mjs:48:18)
    at unwrapBindingResult (file:///home/ubuntu/apps/ai_crop/node_modules/rolldown/dist/shared/error-CkdMJ9ps.mjs:18:128)
    at #build (file:///home/ubuntu/apps/ai_crop/node_modules/rolldown/dist/shared/rolldown-build-BVD3dIdE.mjs:3275:34)
    at async buildEnvironment (file:///home/ubuntu/apps/ai_crop/node_modules/vite/dist/node/chunks/node.js:33133:64)
    at async Object.build (file:///home/ubuntu/apps/ai_crop/node_modules/vite/dist/node/chunks/node.js:33555:19)
    at async buildApp (file:///home/ubuntu/apps/ai_crop/node_modules/@vitejs/plugin-rsc/dist/plugin-BhzHKRFo.js:621:3)
    at async BasicMinimalPluginContext.handler (file:///home/ubuntu/apps/ai_crop/node_modules/@vitejs/plugin-rsc/dist/plugin-BhzHKRFo.js:749:43)
    at async Object.buildApp (file:///home/ubuntu/apps/ai_crop/node_modules/vite/dist/node/chunks/node.js:33549:5)
    at async file:///home/ubuntu/apps/ai_crop/node_modules/vinext/dist/cli.js:326:4
    at async buildApp (file:///home/ubuntu/apps/ai_crop/node_modules/vinext/dist/cli.js:323:2) {
  errors: [Getter/Setter]
}
